Archive member included because of file (symbol)

/home/koos/osdev/elco-os/sysroot/usr/lib/libk.a(printf.libk.o)
                              kernel/kernel.o (printf)
/home/koos/osdev/elco-os/sysroot/usr/lib/libk.a(putchar.libk.o)
                              /home/koos/osdev/elco-os/sysroot/usr/lib/libk.a(printf.libk.o) (putchar)
/home/koos/osdev/elco-os/sysroot/usr/lib/libk.a(puts.libk.o)
                              kernel/kernel.o (puts)
/home/koos/osdev/elco-os/sysroot/usr/lib/libk.a(memmove.libk.o)
                              arch/i386/tty.o (memmove)
/home/koos/osdev/elco-os/sysroot/usr/lib/libk.a(strlen.libk.o)
                              arch/i386/tty.o (strlen)
/home/koos/opt/cross/lib/gcc/i686-elf/4.8.4/libgcc.a(_udivdi3.o)
                              /home/koos/osdev/elco-os/sysroot/usr/lib/libk.a(printf.libk.o) (__udivdi3)
/home/koos/opt/cross/lib/gcc/i686-elf/4.8.4/libgcc.a(_umoddi3.o)
                              /home/koos/osdev/elco-os/sysroot/usr/lib/libk.a(printf.libk.o) (__umoddi3)

Allocating common symbols
Common symbol       size              file

terminal_color      0x1               arch/i386/tty.o
gdt                 0x28              arch/i386/descriptors.o
idt_p               0x6               arch/i386/descriptors.o
terminal_column     0x4               arch/i386/tty.o
idt                 0x28              arch/i386/descriptors.o
terminal_buffer     0x4               arch/i386/tty.o
terminal_row        0x4               arch/i386/tty.o
gdt_p               0x6               arch/i386/descriptors.o

Memory Configuration

Name             Origin             Length             Attributes
*default*        0x0000000000000000 0xffffffffffffffff

Linker script and memory map

LOAD arch/i386/crti.o
LOAD /home/koos/opt/cross/lib/gcc/i686-elf/4.8.4/crtbegin.o
LOAD arch/i386/boot.o
LOAD arch/i386/tty.o
LOAD arch/i386/descriptors.o
LOAD arch/i386/descriptors_asm.o
LOAD arch/i386/interrupts.o
LOAD arch/i386/intr_vect.o
LOAD kernel/kernel.o
LOAD /home/koos/opt/cross/lib/gcc/i686-elf/4.8.4/crtend.o
LOAD arch/i386/crtn.o
LOAD /home/koos/osdev/elco-os/sysroot/usr/lib/libk.a
LOAD /home/koos/opt/cross/lib/gcc/i686-elf/4.8.4/libgcc.a
                0x0000000000100000                . = 0x100000

.text           0x0000000000100000     0x103f
 *(.multiboot)
 .multiboot     0x0000000000100000        0xc arch/i386/boot.o
 *(.intvect)
 .intvect       0x000000000010000c      0x124 arch/i386/intr_vect.o
                0x000000000010000c                isr0
                0x0000000000100016                isr1
                0x0000000000100020                isr2
                0x000000000010002a                isr3
                0x0000000000100034                isr4
                0x000000000010003e                isr5
                0x0000000000100048                isr6
                0x0000000000100052                isr7
                0x000000000010005c                isr8
                0x0000000000100064                isr9
                0x000000000010006e                isr10
                0x0000000000100076                isr11
                0x000000000010007e                isr12
                0x0000000000100086                isr13
                0x000000000010008b                isr14
                0x0000000000100090                isr15
                0x0000000000100097                isr16
                0x000000000010009e                isr17
                0x00000000001000a5                isr18
                0x00000000001000ac                isr19
                0x00000000001000b3                isr20
                0x00000000001000ba                isr21
                0x00000000001000c1                isr22
                0x00000000001000c8                isr23
                0x00000000001000cf                isr24
                0x00000000001000d6                isr25
                0x00000000001000dd                isr26
                0x00000000001000e4                isr27
                0x00000000001000eb                isr28
                0x00000000001000f2                isr29
                0x00000000001000f9                isr30
                0x0000000000100100                isr31
 *(.text)
 .text          0x0000000000100130        0x0 arch/i386/crti.o
 .text          0x0000000000100130      0x124 /home/koos/opt/cross/lib/gcc/i686-elf/4.8.4/crtbegin.o
 .text          0x0000000000100254       0x18 arch/i386/boot.o
                0x0000000000100254                _start
 *fill*         0x000000000010026c        0x4 
 .text          0x0000000000100270      0x32a arch/i386/tty.o
                0x0000000000100270                terminal_initialize
                0x00000000001002e0                terminal_scroll
                0x0000000000100360                terminal_setcolor
                0x0000000000100370                terminal_putentryat
                0x00000000001003a0                terminal_putchar
                0x00000000001004d0                terminal_write
                0x0000000000100510                terminal_writestring
                0x0000000000100550                terminal_print_logo
 *fill*         0x000000000010059a        0x6 
 .text          0x00000000001005a0      0x2cb arch/i386/descriptors.o
                0x00000000001005a0                gdt_initialize
                0x00000000001006c0                gdt_set_entry
                0x0000000000100720                idt_initialize
                0x0000000000100820                descriptors_initialize
                0x0000000000100830                idt_set_entry
 .text          0x000000000010086b       0x25 arch/i386/descriptors_asm.o
                0x000000000010086b                gdt_flush
                0x0000000000100888                idt_flush
 .text          0x0000000000100890       0x13 arch/i386/interrupts.o
                0x0000000000100890                isr_handler
 .text          0x00000000001008a3        0x0 arch/i386/intr_vect.o
 *fill*         0x00000000001008a3        0xd 
 .text          0x00000000001008b0       0x71 kernel/kernel.o
                0x00000000001008b0                kernel_early
                0x00000000001008c0                kernel_main
                0x0000000000100900                kerror
 *fill*         0x0000000000100921        0xf 
 .text          0x0000000000100930       0x32 /home/koos/opt/cross/lib/gcc/i686-elf/4.8.4/crtend.o
 .text          0x0000000000100962        0x0 arch/i386/crtn.o
 *fill*         0x0000000000100962        0xe 
 .text          0x0000000000100970      0x35f /home/koos/osdev/elco-os/sysroot/usr/lib/libk.a(printf.libk.o)
                0x0000000000100970                i_convert
                0x0000000000100a20                i_print
                0x0000000000100a90                printf
 *fill*         0x0000000000100ccf        0x1 
 .text          0x0000000000100cd0       0x27 /home/koos/osdev/elco-os/sysroot/usr/lib/libk.a(putchar.libk.o)
                0x0000000000100cd0                putchar
 *fill*         0x0000000000100cf7        0x9 
 .text          0x0000000000100d00       0x1b /home/koos/osdev/elco-os/sysroot/usr/lib/libk.a(puts.libk.o)
                0x0000000000100d00                puts
 *fill*         0x0000000000100d1b        0x5 
 .text          0x0000000000100d20       0x51 /home/koos/osdev/elco-os/sysroot/usr/lib/libk.a(memmove.libk.o)
                0x0000000000100d20                memmove
 *fill*         0x0000000000100d71        0xf 
 .text          0x0000000000100d80       0x1d /home/koos/osdev/elco-os/sysroot/usr/lib/libk.a(strlen.libk.o)
                0x0000000000100d80                strlen
 *fill*         0x0000000000100d9d        0x3 
 .text          0x0000000000100da0      0x12c /home/koos/opt/cross/lib/gcc/i686-elf/4.8.4/libgcc.a(_udivdi3.o)
                0x0000000000100da0                __udivdi3
 *fill*         0x0000000000100ecc        0x4 
 .text          0x0000000000100ed0      0x16f /home/koos/opt/cross/lib/gcc/i686-elf/4.8.4/libgcc.a(_umoddi3.o)
                0x0000000000100ed0                __umoddi3

.init           0x000000000010103f        0xf
 .init          0x000000000010103f        0x3 arch/i386/crti.o
                0x000000000010103f                _init
 .init          0x0000000000101042        0x5 /home/koos/opt/cross/lib/gcc/i686-elf/4.8.4/crtbegin.o
 .init          0x0000000000101047        0x5 /home/koos/opt/cross/lib/gcc/i686-elf/4.8.4/crtend.o
 .init          0x000000000010104c        0x2 arch/i386/crtn.o

.fini           0x000000000010104e        0xa
 .fini          0x000000000010104e        0x3 arch/i386/crti.o
                0x000000000010104e                _fini
 .fini          0x0000000000101051        0x5 /home/koos/opt/cross/lib/gcc/i686-elf/4.8.4/crtbegin.o
 .fini          0x0000000000101056        0x2 arch/i386/crtn.o

.iplt           0x0000000000101060        0x0
 .iplt          0x0000000000000000        0x0 /home/koos/opt/cross/lib/gcc/i686-elf/4.8.4/crtbegin.o

.rodata         0x0000000000102000      0x320
 *(.rodata)
 .rodata        0x0000000000102000      0x320 arch/i386/tty.o

.eh_frame       0x0000000000102320      0x43c
 .eh_frame      0x0000000000102320        0x0 /home/koos/opt/cross/lib/gcc/i686-elf/4.8.4/crtbegin.o
 .eh_frame      0x0000000000102320      0x11c arch/i386/tty.o
 .eh_frame      0x000000000010243c       0xac arch/i386/descriptors.o
                                         0xc4 (size before relaxing)
 .eh_frame      0x00000000001024e8       0x18 arch/i386/interrupts.o
                                         0x30 (size before relaxing)
 .eh_frame      0x0000000000102500       0x50 kernel/kernel.o
                                         0x68 (size before relaxing)
 .eh_frame      0x0000000000102550        0x4 /home/koos/opt/cross/lib/gcc/i686-elf/4.8.4/crtend.o
 .eh_frame      0x0000000000102554       0xb4 /home/koos/osdev/elco-os/sysroot/usr/lib/libk.a(printf.libk.o)
                                         0xcc (size before relaxing)
 .eh_frame      0x0000000000102608       0x20 /home/koos/osdev/elco-os/sysroot/usr/lib/libk.a(putchar.libk.o)
                                         0x38 (size before relaxing)
 .eh_frame      0x0000000000102628       0x18 /home/koos/osdev/elco-os/sysroot/usr/lib/libk.a(puts.libk.o)
                                         0x30 (size before relaxing)
 .eh_frame      0x0000000000102640       0x30 /home/koos/osdev/elco-os/sysroot/usr/lib/libk.a(memmove.libk.o)
                                         0x48 (size before relaxing)
 .eh_frame      0x0000000000102670       0x14 /home/koos/osdev/elco-os/sysroot/usr/lib/libk.a(strlen.libk.o)
                                         0x2c (size before relaxing)
 .eh_frame      0x0000000000102684       0x6c /home/koos/opt/cross/lib/gcc/i686-elf/4.8.4/libgcc.a(_udivdi3.o)
                                         0x84 (size before relaxing)
 .eh_frame      0x00000000001026f0       0x6c /home/koos/opt/cross/lib/gcc/i686-elf/4.8.4/libgcc.a(_umoddi3.o)
                                         0x84 (size before relaxing)

.rodata.str1.1  0x000000000010275c       0x24
 .rodata.str1.1
                0x000000000010275c        0xb arch/i386/interrupts.o
 .rodata.str1.1
                0x0000000000102767       0x15 kernel/kernel.o
 .rodata.str1.1
                0x000000000010277c        0x4 /home/koos/osdev/elco-os/sysroot/usr/lib/libk.a(puts.libk.o)

.rel.dyn        0x0000000000102780        0x0
 .rel.iplt      0x0000000000000000        0x0 /home/koos/opt/cross/lib/gcc/i686-elf/4.8.4/crtbegin.o
 .rel.text      0x0000000000000000        0x0 /home/koos/opt/cross/lib/gcc/i686-elf/4.8.4/crtbegin.o

.data           0x0000000000103000        0x4
 *(.data)
 .data          0x0000000000103000        0x0 arch/i386/crti.o
 .data          0x0000000000103000        0x4 /home/koos/opt/cross/lib/gcc/i686-elf/4.8.4/crtbegin.o
                0x0000000000103000                __dso_handle
 .data          0x0000000000103004        0x0 arch/i386/boot.o
 .data          0x0000000000103004        0x0 arch/i386/tty.o
 .data          0x0000000000103004        0x0 arch/i386/descriptors.o
 .data          0x0000000000103004        0x0 arch/i386/descriptors_asm.o
 .data          0x0000000000103004        0x0 arch/i386/interrupts.o
 .data          0x0000000000103004        0x0 arch/i386/intr_vect.o
 .data          0x0000000000103004        0x0 kernel/kernel.o
 .data          0x0000000000103004        0x0 /home/koos/opt/cross/lib/gcc/i686-elf/4.8.4/crtend.o
 .data          0x0000000000103004        0x0 arch/i386/crtn.o
 .data          0x0000000000103004        0x0 /home/koos/osdev/elco-os/sysroot/usr/lib/libk.a(printf.libk.o)
 .data          0x0000000000103004        0x0 /home/koos/osdev/elco-os/sysroot/usr/lib/libk.a(putchar.libk.o)
 .data          0x0000000000103004        0x0 /home/koos/osdev/elco-os/sysroot/usr/lib/libk.a(puts.libk.o)
 .data          0x0000000000103004        0x0 /home/koos/osdev/elco-os/sysroot/usr/lib/libk.a(memmove.libk.o)
 .data          0x0000000000103004        0x0 /home/koos/osdev/elco-os/sysroot/usr/lib/libk.a(strlen.libk.o)
 .data          0x0000000000103004        0x0 /home/koos/opt/cross/lib/gcc/i686-elf/4.8.4/libgcc.a(_udivdi3.o)
 .data          0x0000000000103004        0x0 /home/koos/opt/cross/lib/gcc/i686-elf/4.8.4/libgcc.a(_umoddi3.o)

.ctors          0x0000000000103004        0x8
 .ctors         0x0000000000103004        0x4 /home/koos/opt/cross/lib/gcc/i686-elf/4.8.4/crtbegin.o
 .ctors         0x0000000000103008        0x4 /home/koos/opt/cross/lib/gcc/i686-elf/4.8.4/crtend.o

.dtors          0x000000000010300c        0x8
 .dtors         0x000000000010300c        0x4 /home/koos/opt/cross/lib/gcc/i686-elf/4.8.4/crtbegin.o
 .dtors         0x0000000000103010        0x4 /home/koos/opt/cross/lib/gcc/i686-elf/4.8.4/crtend.o
                0x0000000000103010                __DTOR_END__

.jcr            0x0000000000103014        0x4
 .jcr           0x0000000000103014        0x0 /home/koos/opt/cross/lib/gcc/i686-elf/4.8.4/crtbegin.o
 .jcr           0x0000000000103014        0x4 /home/koos/opt/cross/lib/gcc/i686-elf/4.8.4/crtend.o

.tm_clone_table
                0x0000000000103018        0x0
 .tm_clone_table
                0x0000000000103018        0x0 /home/koos/opt/cross/lib/gcc/i686-elf/4.8.4/crtbegin.o
 .tm_clone_table
                0x0000000000103018        0x0 /home/koos/opt/cross/lib/gcc/i686-elf/4.8.4/crtend.o

.igot.plt       0x0000000000103018        0x0
 .igot.plt      0x0000000000000000        0x0 /home/koos/opt/cross/lib/gcc/i686-elf/4.8.4/crtbegin.o

.bss            0x0000000000104000     0x40b0
 *(COMMON)
 COMMON         0x0000000000104000       0x10 arch/i386/tty.o
                0x0000000000104000                terminal_color
                0x0000000000104004                terminal_column
                0x0000000000104008                terminal_buffer
                0x000000000010400c                terminal_row
 *fill*         0x0000000000104010       0x10 
 COMMON         0x0000000000104020       0x6e arch/i386/descriptors.o
                0x0000000000104020                gdt
                0x0000000000104048                idt_p
                0x0000000000104060                idt
                0x0000000000104088                gdt_p
 *(.bss)
 .bss           0x000000000010408e        0x0 arch/i386/crti.o
 *fill*         0x000000000010408e        0x2 
 .bss           0x0000000000104090       0x20 /home/koos/opt/cross/lib/gcc/i686-elf/4.8.4/crtbegin.o
 .bss           0x00000000001040b0        0x0 arch/i386/boot.o
 .bss           0x00000000001040b0        0x0 arch/i386/tty.o
 .bss           0x00000000001040b0        0x0 arch/i386/descriptors.o
 .bss           0x00000000001040b0        0x0 arch/i386/descriptors_asm.o
 .bss           0x00000000001040b0        0x0 arch/i386/interrupts.o
 .bss           0x00000000001040b0        0x0 arch/i386/intr_vect.o
 .bss           0x00000000001040b0        0x0 kernel/kernel.o
 .bss           0x00000000001040b0        0x0 /home/koos/opt/cross/lib/gcc/i686-elf/4.8.4/crtend.o
 .bss           0x00000000001040b0        0x0 arch/i386/crtn.o
 .bss           0x00000000001040b0        0x0 /home/koos/osdev/elco-os/sysroot/usr/lib/libk.a(printf.libk.o)
 .bss           0x00000000001040b0        0x0 /home/koos/osdev/elco-os/sysroot/usr/lib/libk.a(putchar.libk.o)
 .bss           0x00000000001040b0        0x0 /home/koos/osdev/elco-os/sysroot/usr/lib/libk.a(puts.libk.o)
 .bss           0x00000000001040b0        0x0 /home/koos/osdev/elco-os/sysroot/usr/lib/libk.a(memmove.libk.o)
 .bss           0x00000000001040b0        0x0 /home/koos/osdev/elco-os/sysroot/usr/lib/libk.a(strlen.libk.o)
 .bss           0x00000000001040b0        0x0 /home/koos/opt/cross/lib/gcc/i686-elf/4.8.4/libgcc.a(_udivdi3.o)
 .bss           0x00000000001040b0        0x0 /home/koos/opt/cross/lib/gcc/i686-elf/4.8.4/libgcc.a(_umoddi3.o)
 *(.bootstrap_stack)
 .bootstrap_stack
                0x00000000001040b0     0x4000 arch/i386/boot.o
OUTPUT(elco-os.kernel elf32-i386)

.debug_line     0x0000000000000000      0xaf5
 .debug_line    0x0000000000000000       0x4f arch/i386/crti.o
 .debug_line    0x000000000000004f       0x46 arch/i386/boot.o
 .debug_line    0x0000000000000095      0x1d2 arch/i386/tty.o
 .debug_line    0x0000000000000267      0x134 arch/i386/descriptors.o
 .debug_line    0x000000000000039b       0x55 arch/i386/descriptors_asm.o
 .debug_line    0x00000000000003f0       0x5a arch/i386/interrupts.o
 .debug_line    0x000000000000044a       0x7c arch/i386/intr_vect.o
 .debug_line    0x00000000000004c6       0xbe kernel/kernel.o
 .debug_line    0x0000000000000584       0x4d arch/i386/crtn.o
 .debug_line    0x00000000000005d1      0x16c /home/koos/osdev/elco-os/sysroot/usr/lib/libk.a(printf.libk.o)
 .debug_line    0x000000000000073d       0xbf /home/koos/osdev/elco-os/sysroot/usr/lib/libk.a(putchar.libk.o)
 .debug_line    0x00000000000007fc       0x50 /home/koos/osdev/elco-os/sysroot/usr/lib/libk.a(puts.libk.o)
 .debug_line    0x000000000000084c       0x9f /home/koos/osdev/elco-os/sysroot/usr/lib/libk.a(memmove.libk.o)
 .debug_line    0x00000000000008eb       0x83 /home/koos/osdev/elco-os/sysroot/usr/lib/libk.a(strlen.libk.o)
 .debug_line    0x000000000000096e       0xbb /home/koos/opt/cross/lib/gcc/i686-elf/4.8.4/libgcc.a(_udivdi3.o)
 .debug_line    0x0000000000000a29       0xcc /home/koos/opt/cross/lib/gcc/i686-elf/4.8.4/libgcc.a(_umoddi3.o)

.debug_info     0x0000000000000000     0x2000
 .debug_info    0x0000000000000000       0x53 arch/i386/crti.o
 .debug_info    0x0000000000000053       0x57 arch/i386/boot.o
 .debug_info    0x00000000000000aa      0x697 arch/i386/tty.o
 .debug_info    0x0000000000000741      0x7e8 arch/i386/descriptors.o
 .debug_info    0x0000000000000f29       0x62 arch/i386/descriptors_asm.o
 .debug_info    0x0000000000000f8b       0xc0 arch/i386/interrupts.o
 .debug_info    0x000000000000104b       0x5c arch/i386/intr_vect.o
 .debug_info    0x00000000000010a7      0x1a6 kernel/kernel.o
 .debug_info    0x000000000000124d       0x53 arch/i386/crtn.o
 .debug_info    0x00000000000012a0      0x48e /home/koos/osdev/elco-os/sysroot/usr/lib/libk.a(printf.libk.o)
 .debug_info    0x000000000000172e       0xc6 /home/koos/osdev/elco-os/sysroot/usr/lib/libk.a(putchar.libk.o)
 .debug_info    0x00000000000017f4       0x95 /home/koos/osdev/elco-os/sysroot/usr/lib/libk.a(puts.libk.o)
 .debug_info    0x0000000000001889      0x10c /home/koos/osdev/elco-os/sysroot/usr/lib/libk.a(memmove.libk.o)
 .debug_info    0x0000000000001995       0x9e /home/koos/osdev/elco-os/sysroot/usr/lib/libk.a(strlen.libk.o)
 .debug_info    0x0000000000001a33      0x2de /home/koos/opt/cross/lib/gcc/i686-elf/4.8.4/libgcc.a(_udivdi3.o)
 .debug_info    0x0000000000001d11      0x2ef /home/koos/opt/cross/lib/gcc/i686-elf/4.8.4/libgcc.a(_umoddi3.o)

.debug_abbrev   0x0000000000000000      0xce2
 .debug_abbrev  0x0000000000000000       0x12 arch/i386/crti.o
 .debug_abbrev  0x0000000000000012       0x14 arch/i386/boot.o
 .debug_abbrev  0x0000000000000026      0x269 arch/i386/tty.o
 .debug_abbrev  0x000000000000028f      0x1b6 arch/i386/descriptors.o
 .debug_abbrev  0x0000000000000445       0x14 arch/i386/descriptors_asm.o
 .debug_abbrev  0x0000000000000459       0x83 arch/i386/interrupts.o
 .debug_abbrev  0x00000000000004dc       0x14 arch/i386/intr_vect.o
 .debug_abbrev  0x00000000000004f0      0x11a kernel/kernel.o
 .debug_abbrev  0x000000000000060a       0x12 arch/i386/crtn.o
 .debug_abbrev  0x000000000000061c      0x1e3 /home/koos/osdev/elco-os/sysroot/usr/lib/libk.a(printf.libk.o)
 .debug_abbrev  0x00000000000007ff       0xb2 /home/koos/osdev/elco-os/sysroot/usr/lib/libk.a(putchar.libk.o)
 .debug_abbrev  0x00000000000008b1       0x9b /home/koos/osdev/elco-os/sysroot/usr/lib/libk.a(puts.libk.o)
 .debug_abbrev  0x000000000000094c       0xa1 /home/koos/osdev/elco-os/sysroot/usr/lib/libk.a(memmove.libk.o)
 .debug_abbrev  0x00000000000009ed       0x81 /home/koos/osdev/elco-os/sysroot/usr/lib/libk.a(strlen.libk.o)
 .debug_abbrev  0x0000000000000a6e      0x137 /home/koos/opt/cross/lib/gcc/i686-elf/4.8.4/libgcc.a(_udivdi3.o)
 .debug_abbrev  0x0000000000000ba5      0x13d /home/koos/opt/cross/lib/gcc/i686-elf/4.8.4/libgcc.a(_umoddi3.o)

.debug_aranges  0x0000000000000000      0x210
 .debug_aranges
                0x0000000000000000       0x28 arch/i386/crti.o
 .debug_aranges
                0x0000000000000028       0x20 arch/i386/boot.o
 .debug_aranges
                0x0000000000000048       0x20 arch/i386/tty.o
 .debug_aranges
                0x0000000000000068       0x20 arch/i386/descriptors.o
 .debug_aranges
                0x0000000000000088       0x20 arch/i386/descriptors_asm.o
 .debug_aranges
                0x00000000000000a8       0x20 arch/i386/interrupts.o
 .debug_aranges
                0x00000000000000c8       0x20 arch/i386/intr_vect.o
 .debug_aranges
                0x00000000000000e8       0x20 kernel/kernel.o
 .debug_aranges
                0x0000000000000108       0x28 arch/i386/crtn.o
 .debug_aranges
                0x0000000000000130       0x20 /home/koos/osdev/elco-os/sysroot/usr/lib/libk.a(printf.libk.o)
 .debug_aranges
                0x0000000000000150       0x20 /home/koos/osdev/elco-os/sysroot/usr/lib/libk.a(putchar.libk.o)
 .debug_aranges
                0x0000000000000170       0x20 /home/koos/osdev/elco-os/sysroot/usr/lib/libk.a(puts.libk.o)
 .debug_aranges
                0x0000000000000190       0x20 /home/koos/osdev/elco-os/sysroot/usr/lib/libk.a(memmove.libk.o)
 .debug_aranges
                0x00000000000001b0       0x20 /home/koos/osdev/elco-os/sysroot/usr/lib/libk.a(strlen.libk.o)
 .debug_aranges
                0x00000000000001d0       0x20 /home/koos/opt/cross/lib/gcc/i686-elf/4.8.4/libgcc.a(_udivdi3.o)
 .debug_aranges
                0x00000000000001f0       0x20 /home/koos/opt/cross/lib/gcc/i686-elf/4.8.4/libgcc.a(_umoddi3.o)

.debug_ranges   0x0000000000000000      0x2f8
 .debug_ranges  0x0000000000000000       0x20 arch/i386/crti.o
 .debug_ranges  0x0000000000000020       0x70 arch/i386/tty.o
 .debug_ranges  0x0000000000000090      0x170 arch/i386/descriptors.o
 .debug_ranges  0x0000000000000200       0x20 arch/i386/crtn.o
 .debug_ranges  0x0000000000000220       0x48 /home/koos/osdev/elco-os/sysroot/usr/lib/libk.a(printf.libk.o)
 .debug_ranges  0x0000000000000268       0x48 /home/koos/opt/cross/lib/gcc/i686-elf/4.8.4/libgcc.a(_udivdi3.o)
 .debug_ranges  0x00000000000002b0       0x48 /home/koos/opt/cross/lib/gcc/i686-elf/4.8.4/libgcc.a(_umoddi3.o)

.comment        0x0000000000000000       0x11
 .comment       0x0000000000000000       0x11 /home/koos/opt/cross/lib/gcc/i686-elf/4.8.4/crtbegin.o
                                         0x12 (size before relaxing)
 .comment       0x0000000000000000       0x12 arch/i386/tty.o
 .comment       0x0000000000000000       0x12 arch/i386/descriptors.o
 .comment       0x0000000000000000       0x12 arch/i386/interrupts.o
 .comment       0x0000000000000000       0x12 kernel/kernel.o
 .comment       0x0000000000000000       0x12 /home/koos/opt/cross/lib/gcc/i686-elf/4.8.4/crtend.o
 .comment       0x0000000000000000       0x12 /home/koos/osdev/elco-os/sysroot/usr/lib/libk.a(printf.libk.o)
 .comment       0x0000000000000000       0x12 /home/koos/osdev/elco-os/sysroot/usr/lib/libk.a(putchar.libk.o)
 .comment       0x0000000000000000       0x12 /home/koos/osdev/elco-os/sysroot/usr/lib/libk.a(puts.libk.o)
 .comment       0x0000000000000000       0x12 /home/koos/osdev/elco-os/sysroot/usr/lib/libk.a(memmove.libk.o)
 .comment       0x0000000000000000       0x12 /home/koos/osdev/elco-os/sysroot/usr/lib/libk.a(strlen.libk.o)
 .comment       0x0000000000000000       0x12 /home/koos/opt/cross/lib/gcc/i686-elf/4.8.4/libgcc.a(_udivdi3.o)
 .comment       0x0000000000000000       0x12 /home/koos/opt/cross/lib/gcc/i686-elf/4.8.4/libgcc.a(_umoddi3.o)

.debug_loc      0x0000000000000000     0x1578
 .debug_loc     0x0000000000000000      0x2ee arch/i386/tty.o
 .debug_loc     0x00000000000002ee      0x131 arch/i386/descriptors.o
 .debug_loc     0x000000000000041f      0x3a2 /home/koos/osdev/elco-os/sysroot/usr/lib/libk.a(printf.libk.o)
 .debug_loc     0x00000000000007c1      0x137 /home/koos/osdev/elco-os/sysroot/usr/lib/libk.a(memmove.libk.o)
 .debug_loc     0x00000000000008f8       0x4a /home/koos/osdev/elco-os/sysroot/usr/lib/libk.a(strlen.libk.o)
 .debug_loc     0x0000000000000942      0x4dc /home/koos/opt/cross/lib/gcc/i686-elf/4.8.4/libgcc.a(_udivdi3.o)
 .debug_loc     0x0000000000000e1e      0x75a /home/koos/opt/cross/lib/gcc/i686-elf/4.8.4/libgcc.a(_umoddi3.o)

.debug_str      0x0000000000000000      0x711
 .debug_str     0x0000000000000000      0x312 arch/i386/tty.o
                                        0x362 (size before relaxing)
 .debug_str     0x0000000000000312      0x142 arch/i386/descriptors.o
                                        0x275 (size before relaxing)
 .debug_str     0x0000000000000454       0x2a arch/i386/interrupts.o
                                        0x137 (size before relaxing)
 .debug_str     0x000000000000047e       0x3f kernel/kernel.o
                                        0x1b2 (size before relaxing)
 .debug_str     0x00000000000004bd       0x99 /home/koos/osdev/elco-os/sysroot/usr/lib/libk.a(printf.libk.o)
                                        0x192 (size before relaxing)
 .debug_str     0x0000000000000556       0x10 /home/koos/osdev/elco-os/sysroot/usr/lib/libk.a(putchar.libk.o)
                                         0xde (size before relaxing)
 .debug_str     0x0000000000000566        0xd /home/koos/osdev/elco-os/sysroot/usr/lib/libk.a(puts.libk.o)
                                         0x9b (size before relaxing)
 .debug_str     0x0000000000000573       0x1f /home/koos/osdev/elco-os/sysroot/usr/lib/libk.a(memmove.libk.o)
                                         0xec (size before relaxing)
 .debug_str     0x0000000000000592       0x17 /home/koos/osdev/elco-os/sysroot/usr/lib/libk.a(strlen.libk.o)
                                         0xdc (size before relaxing)
 .debug_str     0x00000000000005a9      0x15e /home/koos/opt/cross/lib/gcc/i686-elf/4.8.4/libgcc.a(_udivdi3.o)
                                        0x217 (size before relaxing)
 .debug_str     0x0000000000000707        0xa /home/koos/opt/cross/lib/gcc/i686-elf/4.8.4/libgcc.a(_umoddi3.o)
                                        0x217 (size before relaxing)
